0100000002000000
0300000004000000
0300000000000000
0500000000000000
