01000000020000000300000004000000
02000000040000000600000008000000
01000000000000000200000000000000030000000000000004000000000000000500000000000000
03000000000000000500000000000000070000000000000009000000000000000B00000000000000
