UPPERCASE
LETTER
LETTER
LETTER
LETTER
OTHER
LETTER
LETTER
OTHER
LETTER
OTHER
LETTER
LETTER
LETTER
LETTER
OTHER
LETTER
LETTER
OTHER
UPPERCASE
LETTER
UPPERCASE
LETTER
UPPERCASE
LETTER
OTHER
LETTER
OTHER
DIGIT
OTHER
DIGIT
OTHER
LETTER
LETTER
LETTER
LETTER
LETTER
OTHER
LETTER
LETTER
LETTER
LETTER
LETTER
LETTER
OTHER
OTHER
OTHER
LETTER
LETTER
LETTER
LETTER
OTHER
