01000000020000000300000004000000
00000000000000000000000000000000
0100000002000000030000000400000005000000
0000000000000000000000000000000000000000
010068656C6C6F00
0000000000000000
01000000000000000200000000000000030000000000000004000000000000000500000000000000
00000000000000000000000000000000000000000000000000000000000000000000000000000000
1
2
01000000020000000300000004000000
0100000002000000030000000400000005000000
3
4
010068656C6C6F00
01000000000000000200000000000000030000000000000004000000000000000500000000000000
